C51 COMPILER V9.60.7.0   TIME                                                              04/29/2024 17:51:16 PAGE 1   


C51 COMPILER V9.60.7.0, COMPILATION OF MODULE TIME
OBJECT MODULE PLACED IN .\Objects\Time.obj
COMPILER INVOKED BY: D:\Keil uvision5\C51\BIN\C51.EXE Time.c OPTIMIZE(8,SPEED) BROWSE DEBUG OBJECTEXTEND PRINT(.\Listing
                    -s\Time.lst) OBJECT(.\Objects\Time.obj)

line level    source

   1          #include <REGX52.H>
   2          
   3          unsigned int counter = 0;
   4          unsigned int alarm_time = 0;
   5          
   6          void Time2_Init() 
   7          {
   8   1          T2CON = 0x00;  
   9   1          RCAP2H = (65536 - 50000) / 256;  
  10   1          RCAP2L = (65536 - 50000) % 256;  
  11   1          TH2 = RCAP2H;  
  12   1          TL2 = RCAP2L;  
  13   1          ET2 = 1;  
  14   1          EA = 1;  
  15   1          TR2 = 1;  
  16   1              PT2 = 0;
  17   1      }
  18          
  19          void Time2_ISR() interrupt 5
  20          {
  21   1          TF2 = 0;  // 清除定时器2的溢出标志
  22   1      }
  23          
  24          int Time2()
  25          {
  26   1              counter++;  // 报警时长增加
  27   1          if (counter >= 20) 
  28   1              {  
  29   2              counter = 0;  // 重置计数器
  30   2                      alarm_time++;  // 报警时长增加
  31   2              if (alarm_time >= 60) 
  32   2                      {
  33   3                  alarm_time = 0;  // 重置报警时长
  34   3              }
  35   2              
  36   2          }
  37   1              return alarm_time;
  38   1      }


MODULE INFORMATION:   STATIC OVERLAYABLE
   CODE SIZE        =     75    ----
   CONSTANT SIZE    =   ----    ----
   XDATA SIZE       =   ----    ----
   PDATA SIZE       =   ----    ----
   DATA SIZE        =      4    ----
   IDATA SIZE       =   ----    ----
   BIT SIZE         =   ----    ----
END OF MODULE INFORMATION.


C51 COMPILATION COMPLETE.  0 WARNING(S),  0 ERROR(S)
